Archive member included because of file (symbol)

c:/program files (x86)/atmel/atmel studio 6.0/extensions/atmel/avrgcc/3.4.1.95/avrtoolchain/bin/../lib/gcc/avr/4.6.2/avr5\libgcc.a(_exit.o)
                              c:/program files (x86)/atmel/atmel studio 6.0/extensions/atmel/avrgcc/3.4.1.95/avrtoolchain/bin/../lib/gcc/avr/4.6.2/../../../../avr/lib/avr5/crtm32.o (exit)
c:/program files (x86)/atmel/atmel studio 6.0/extensions/atmel/avrgcc/3.4.1.95/avrtoolchain/bin/../lib/gcc/avr/4.6.2/avr5\libgcc.a(_copy_data.o)
                              ADC.o (__do_copy_data)
c:/program files (x86)/atmel/atmel studio 6.0/extensions/atmel/avrgcc/3.4.1.95/avrtoolchain/bin/../lib/gcc/avr/4.6.2/avr5\libgcc.a(_clear_bss.o)
                              ADC.o (__do_clear_bss)
c:/program files (x86)/atmel/atmel studio 6.0/extensions/atmel/avrgcc/3.4.1.95/avrtoolchain/bin/../lib/gcc/avr/4.6.2/../../../../avr/lib/avr5\libc.a(memcpy.o)
                              queue.o (memcpy)

Allocating common symbols
Common symbol       size              file

xQueueRegistry      0x20              queue.o
xx                  0x2               Rtos.o

Memory Configuration

Name             Origin             Length             Attributes
text             0x00000000         0x00020000         xr
data             0x00800060         0x0000ffa0         rw !x
eeprom           0x00810000         0x00010000         rw !x
fuse             0x00820000         0x00000400         rw !x
lock             0x00830000         0x00000400         rw !x
signature        0x00840000         0x00000400         rw !x
*default*        0x00000000         0xffffffff

Linker script and memory map

LOAD c:/program files (x86)/atmel/atmel studio 6.0/extensions/atmel/avrgcc/3.4.1.95/avrtoolchain/bin/../lib/gcc/avr/4.6.2/../../../../avr/lib/avr5/crtm32.o
LOAD ADC.o
LOAD eeprom.o
LOAD event_groups.o
LOAD heap_2.o
LOAD keypad.o
LOAD LCD_DIO.o
LOAD list.o
LOAD port.o
LOAD queue.o
LOAD Rtos.o
LOAD SPI.o
LOAD tasks.o
LOAD Timer.o
START GROUP
LOAD c:/program files (x86)/atmel/atmel studio 6.0/extensions/atmel/avrgcc/3.4.1.95/avrtoolchain/bin/../lib/gcc/avr/4.6.2/../../../../avr/lib/avr5\libm.a
END GROUP
LOAD c:/program files (x86)/atmel/atmel studio 6.0/extensions/atmel/avrgcc/3.4.1.95/avrtoolchain/bin/../lib/gcc/avr/4.6.2/avr5\libgcc.a
LOAD c:/program files (x86)/atmel/atmel studio 6.0/extensions/atmel/avrgcc/3.4.1.95/avrtoolchain/bin/../lib/gcc/avr/4.6.2/../../../../avr/lib/avr5\libc.a
LOAD c:/program files (x86)/atmel/atmel studio 6.0/extensions/atmel/avrgcc/3.4.1.95/avrtoolchain/bin/../lib/gcc/avr/4.6.2/avr5\libgcc.a

.hash
 *(.hash)

.dynsym
 *(.dynsym)

.dynstr
 *(.dynstr)

.gnu.version
 *(.gnu.version)

.gnu.version_d
 *(.gnu.version_d)

.gnu.version_r
 *(.gnu.version_r)

.rel.init
 *(.rel.init)

.rela.init
 *(.rela.init)

.rel.text
 *(.rel.text)
 *(.rel.text.*)
 *(.rel.gnu.linkonce.t*)

.rela.text
 *(.rela.text)
 *(.rela.text.*)
 *(.rela.gnu.linkonce.t*)

.rel.fini
 *(.rel.fini)

.rela.fini
 *(.rela.fini)

.rel.rodata
 *(.rel.rodata)
 *(.rel.rodata.*)
 *(.rel.gnu.linkonce.r*)

.rela.rodata
 *(.rela.rodata)
 *(.rela.rodata.*)
 *(.rela.gnu.linkonce.r*)

.rel.data
 *(.rel.data)
 *(.rel.data.*)
 *(.rel.gnu.linkonce.d*)

.rela.data
 *(.rela.data)
 *(.rela.data.*)
 *(.rela.gnu.linkonce.d*)

.rel.ctors
 *(.rel.ctors)

.rela.ctors
 *(.rela.ctors)

.rel.dtors
 *(.rel.dtors)

.rela.dtors
 *(.rela.dtors)

.rel.got
 *(.rel.got)

.rela.got
 *(.rela.got)

.rel.bss
 *(.rel.bss)

.rela.bss
 *(.rela.bss)

.rel.plt
 *(.rel.plt)

.rela.plt
 *(.rela.plt)

.text           0x00000000     0x2b74
 *(.vectors)
 .vectors       0x00000000       0x54 c:/program files (x86)/atmel/atmel studio 6.0/extensions/atmel/avrgcc/3.4.1.95/avrtoolchain/bin/../lib/gcc/avr/4.6.2/../../../../avr/lib/avr5/crtm32.o
                0x00000000                __vector_default
                0x00000000                __vectors
 *(.vectors)
 *(.progmem.gcc*)
 *(.progmem*)
                0x00000054                . = ALIGN (0x2)
                0x00000054                __trampolines_start = .
 *(.trampolines)
 .trampolines   0x00000054        0x0 linker stubs
 *(.trampolines*)
                0x00000054                __trampolines_end = .
 *(.jumptables)
 *(.jumptables*)
 *(.lowtext)
 *(.lowtext*)
                0x00000054                __ctors_start = .
 *(.ctors)
                0x00000054                __ctors_end = .
                0x00000054                __dtors_start = .
 *(.dtors)
                0x00000054                __dtors_end = .
 SORT(*)(.ctors)
 SORT(*)(.dtors)
 *(.init0)
 .init0         0x00000054        0x0 c:/program files (x86)/atmel/atmel studio 6.0/extensions/atmel/avrgcc/3.4.1.95/avrtoolchain/bin/../lib/gcc/avr/4.6.2/../../../../avr/lib/avr5/crtm32.o
                0x00000054                __init
 *(.init0)
 *(.init1)
 *(.init1)
 *(.init2)
 .init2         0x00000054        0xc c:/program files (x86)/atmel/atmel studio 6.0/extensions/atmel/avrgcc/3.4.1.95/avrtoolchain/bin/../lib/gcc/avr/4.6.2/../../../../avr/lib/avr5/crtm32.o
 *(.init2)
 *(.init3)
 *(.init3)
 *(.init4)
 .init4         0x00000060       0x16 c:/program files (x86)/atmel/atmel studio 6.0/extensions/atmel/avrgcc/3.4.1.95/avrtoolchain/bin/../lib/gcc/avr/4.6.2/avr5\libgcc.a(_copy_data.o)
                0x00000060                __do_copy_data
 .init4         0x00000076       0x10 c:/program files (x86)/atmel/atmel studio 6.0/extensions/atmel/avrgcc/3.4.1.95/avrtoolchain/bin/../lib/gcc/avr/4.6.2/avr5\libgcc.a(_clear_bss.o)
                0x00000076                __do_clear_bss
 *(.init4)
 *(.init5)
 *(.init5)
 *(.init6)
 *(.init6)
 *(.init7)
 *(.init7)
 *(.init8)
 *(.init8)
 *(.init9)
 .init9         0x00000086        0x8 c:/program files (x86)/atmel/atmel studio 6.0/extensions/atmel/avrgcc/3.4.1.95/avrtoolchain/bin/../lib/gcc/avr/4.6.2/../../../../avr/lib/avr5/crtm32.o
 *(.init9)
 *(.text)
 .text          0x0000008e        0x4 c:/program files (x86)/atmel/atmel studio 6.0/extensions/atmel/avrgcc/3.4.1.95/avrtoolchain/bin/../lib/gcc/avr/4.6.2/../../../../avr/lib/avr5/crtm32.o
                0x0000008e                __vector_1
                0x0000008e                __vector_12
                0x0000008e                __bad_interrupt
                0x0000008e                __vector_6
                0x0000008e                __vector_3
                0x0000008e                __vector_11
                0x0000008e                __vector_13
                0x0000008e                __vector_17
                0x0000008e                __vector_19
                0x0000008e                __vector_5
                0x0000008e                __vector_4
                0x0000008e                __vector_9
                0x0000008e                __vector_2
                0x0000008e                __vector_15
                0x0000008e                __vector_8
                0x0000008e                __vector_14
                0x0000008e                __vector_10
                0x0000008e                __vector_16
                0x0000008e                __vector_18
                0x0000008e                __vector_20
 .text          0x00000092       0x3a ADC.o
                0x00000092                adc_init
                0x0000009c                adc_read
                0x000000b2                ADC_vinit
                0x000000c2                ADC_u16convert
 .text          0x000000cc       0x2a eeprom.o
                0x000000cc                write_eeprom
                0x000000e2                read_eeprom
 .text          0x000000f6      0x352 event_groups.o
                0x0000011c                xEventGroupCreate
                0x00000144                xEventGroupWaitBits
                0x0000021c                xEventGroupClearBits
                0x0000023a                xEventGroupGetBitsFromISR
                0x00000242                xEventGroupSetBits
                0x00000338                xEventGroupSync
                0x00000406                vEventGroupDelete
                0x00000438                vEventGroupSetBitsCallback
                0x00000440                vEventGroupClearBitsCallback
 .text          0x00000448      0x1b2 heap_2.o
                0x00000448                pvPortMalloc
                0x00000588                vPortFree
                0x000005ee                xPortGetFreeHeapSize
                0x000005f8                vPortInitialiseBlocks
 .text          0x000005fa      0x108 keypad.o
                0x000005fa                keypad_init
                0x0000060a                check
 .text          0x00000702      0x2f0 LCD_DIO.o
                0x00000720                LCD_vsendCommand
                0x00000752                LCD_VINIT
                0x0000078c                LCD_vsendData
                0x000007be                clear_screen
                0x000007c6                LCD_VGOTO
                0x000007d8                LCD_VsnedString
                0x00000804                writeSetpassword
                0x0000084e                writeloginscreen
                0x000008d6                writewrongpassword
                0x0000092c                writeadminscreen
                0x000009ae                writeguestscreen
 .text          0x000009f2      0x116 list.o
                0x000009f2                vListInitialise
                0x00000a0e                vListInitialiseItem
                0x00000a16                vListInsertEnd
                0x00000a54                vListInsert
                0x00000ab8                uxListRemove
 .text          0x00000b08      0x2fe port.o
                0x00000b08                pxPortInitialiseStack
                0x00000c28                xPortStartScheduler
                0x00000c92                vPortEndScheduler
                0x00000c94                vPortYield
                0x00000d46                vPortYieldFromTick
                0x00000e00                __vector_7
 .text          0x00000e06      0x858 queue.o
                0x00000fbe                xQueueGenericReset
                0x0000104a                xQueueGenericCreate
                0x0000109c                xQueueGenericSend
                0x000011e8                xQueueCreateMutex
                0x0000121e                xQueueGenericSendFromISR
                0x00001290                xQueueGiveFromISR
                0x000012e2                xQueueGenericReceive
                0x0000147c                xQueueReceiveFromISR
                0x000014ea                xQueuePeekFromISR
                0x00001518                uxQueueMessagesWaiting
                0x00001528                uxQueueSpacesAvailable
                0x0000153c                uxQueueMessagesWaitingFromISR
                0x00001542                xQueueIsQueueEmptyFromISR
                0x0000154e                xQueueIsQueueFullFromISR
                0x0000155c                vQueueAddToRegistry
                0x000015a8                pcQueueGetName
                0x000015f8                vQueueUnregisterQueue
                0x00001648                vQueueDelete
 .text          0x0000165e       0xbc Rtos.o
                0x0000165e                task1
                0x000016d6                main
 .text          0x0000171a       0x2e SPI.o
                0x0000171a                SPI_MasterInit
                0x0000172e                SPI_MasterTransmit
                0x0000173a                SPI_SlaveInit
                0x00001740                SPI_SlaveReceive
 .text          0x00001748     0x13ec tasks.o
                0x0000187e                xTaskCreate
                0x00001ac2                vTaskDelete
                0x00001b66                uxTaskPriorityGet
                0x00001b84                uxTaskPriorityGetFromISR
                0x00001b98                vTaskPrioritySet
                0x00001c98                vTaskResume
                0x00001d1e                xTaskResumeFromISR
                0x00001db0                vTaskStartScheduler
                0x00001e04                vTaskEndScheduler
                0x00001e10                vTaskSuspendAll
                0x00001e1c                xTaskGetTickCount
                0x00001e30                xTaskGetTickCountFromISR
                0x00001e3a                uxTaskGetNumberOfTasks
                0x00001e40                pcTaskGetName
                0x00001e50                xTaskIncrementTick
                0x00001f9a                xTaskResumeAll
                0x0000210a                vTaskDelay
                0x00002132                vTaskDelayUntil
                0x000021b0                vTaskSwitchContext
                0x00002268                vTaskSuspend
                0x00002306                vTaskPlaceOnEventList
                0x0000232a                vTaskPlaceOnUnorderedEventList
                0x0000235c                xTaskRemoveFromEventList
                0x000023f2                xTaskRemoveFromUnorderedEventList
                0x00002466                vTaskSetTimeOutState
                0x0000247c                xTaskCheckForTimeOut
                0x000024e6                vTaskMissedYield
                0x000024ee                xTaskGetCurrentTaskHandle
                0x000024f8                vTaskPriorityInherit
                0x000025b4                xTaskPriorityDisinherit
                0x00002636                uxTaskResetEventItemValue
                0x00002666                pvTaskIncrementMutexHeldCount
                0x0000268a                ulTaskNotifyTake
                0x00002740                xTaskNotifyWait
                0x00002838                xTaskGenericNotify
                0x00002932                xTaskGenericNotifyFromISR
                0x00002a52                vTaskNotifyGiveFromISR
                0x00002b0a                xTaskNotifyStateClear
 .text          0x00002b34       0x2a Timer.o
                0x00002b34                timer_init
 .text          0x00002b5e        0x0 c:/program files (x86)/atmel/atmel studio 6.0/extensions/atmel/avrgcc/3.4.1.95/avrtoolchain/bin/../lib/gcc/avr/4.6.2/avr5\libgcc.a(_exit.o)
 .text          0x00002b5e        0x0 c:/program files (x86)/atmel/atmel studio 6.0/extensions/atmel/avrgcc/3.4.1.95/avrtoolchain/bin/../lib/gcc/avr/4.6.2/avr5\libgcc.a(_copy_data.o)
 .text          0x00002b5e        0x0 c:/program files (x86)/atmel/atmel studio 6.0/extensions/atmel/avrgcc/3.4.1.95/avrtoolchain/bin/../lib/gcc/avr/4.6.2/avr5\libgcc.a(_clear_bss.o)
 .text          0x00002b5e        0x0 c:/program files (x86)/atmel/atmel studio 6.0/extensions/atmel/avrgcc/3.4.1.95/avrtoolchain/bin/../lib/gcc/avr/4.6.2/../../../../avr/lib/avr5\libc.a(memcpy.o)
                0x00002b5e                . = ALIGN (0x2)
 *(.text.*)
 .text.libgcc   0x00002b5e        0x0 c:/program files (x86)/atmel/atmel studio 6.0/extensions/atmel/avrgcc/3.4.1.95/avrtoolchain/bin/../lib/gcc/avr/4.6.2/avr5\libgcc.a(_exit.o)
 .text.libgcc   0x00002b5e        0x0 c:/program files (x86)/atmel/atmel studio 6.0/extensions/atmel/avrgcc/3.4.1.95/avrtoolchain/bin/../lib/gcc/avr/4.6.2/avr5\libgcc.a(_copy_data.o)
 .text.libgcc   0x00002b5e        0x0 c:/program files (x86)/atmel/atmel studio 6.0/extensions/atmel/avrgcc/3.4.1.95/avrtoolchain/bin/../lib/gcc/avr/4.6.2/avr5\libgcc.a(_clear_bss.o)
 .text.avr-libc
                0x00002b5e       0x12 c:/program files (x86)/atmel/atmel studio 6.0/extensions/atmel/avrgcc/3.4.1.95/avrtoolchain/bin/../lib/gcc/avr/4.6.2/../../../../avr/lib/avr5\libc.a(memcpy.o)
                0x00002b5e                memcpy
                0x00002b70                . = ALIGN (0x2)
 *(.fini9)
 .fini9         0x00002b70        0x0 c:/program files (x86)/atmel/atmel studio 6.0/extensions/atmel/avrgcc/3.4.1.95/avrtoolchain/bin/../lib/gcc/avr/4.6.2/avr5\libgcc.a(_exit.o)
                0x00002b70                _exit
                0x00002b70                exit
 *(.fini9)
 *(.fini8)
 *(.fini8)
 *(.fini7)
 *(.fini7)
 *(.fini6)
 *(.fini6)
 *(.fini5)
 *(.fini5)
 *(.fini4)
 *(.fini4)
 *(.fini3)
 *(.fini3)
 *(.fini2)
 *(.fini2)
 *(.fini1)
 *(.fini1)
 *(.fini0)
 .fini0         0x00002b70        0x4 c:/program files (x86)/atmel/atmel studio 6.0/extensions/atmel/avrgcc/3.4.1.95/avrtoolchain/bin/../lib/gcc/avr/4.6.2/avr5\libgcc.a(_exit.o)
 *(.fini0)
                0x00002b74                _etext = .

.data           0x00800060       0x20 load address 0x00002b74
                0x00800060                PROVIDE (__data_start, .)
 *(.data)
 .data          0x00800060        0x0 c:/program files (x86)/atmel/atmel studio 6.0/extensions/atmel/avrgcc/3.4.1.95/avrtoolchain/bin/../lib/gcc/avr/4.6.2/../../../../avr/lib/avr5/crtm32.o
 .data          0x00800060        0x0 ADC.o
 .data          0x00800060        0x0 eeprom.o
 .data          0x00800060        0x0 event_groups.o
 .data          0x00800060        0x2 heap_2.o
 .data          0x00800062       0x10 keypad.o
 .data          0x00800072        0x0 LCD_DIO.o
 .data          0x00800072        0x0 list.o
 .data          0x00800072        0x0 port.o
 .data          0x00800072        0x0 queue.o
 .data          0x00800072        0x9 Rtos.o
 .data          0x0080007b        0x0 SPI.o
 .data          0x0080007b        0x5 tasks.o
 .data          0x00800080        0x0 Timer.o
 .data          0x00800080        0x0 c:/program files (x86)/atmel/atmel studio 6.0/extensions/atmel/avrgcc/3.4.1.95/avrtoolchain/bin/../lib/gcc/avr/4.6.2/avr5\libgcc.a(_exit.o)
 .data          0x00800080        0x0 c:/program files (x86)/atmel/atmel studio 6.0/extensions/atmel/avrgcc/3.4.1.95/avrtoolchain/bin/../lib/gcc/avr/4.6.2/avr5\libgcc.a(_copy_data.o)
 .data          0x00800080        0x0 c:/program files (x86)/atmel/atmel studio 6.0/extensions/atmel/avrgcc/3.4.1.95/avrtoolchain/bin/../lib/gcc/avr/4.6.2/avr5\libgcc.a(_clear_bss.o)
 .data          0x00800080        0x0 c:/program files (x86)/atmel/atmel studio 6.0/extensions/atmel/avrgcc/3.4.1.95/avrtoolchain/bin/../lib/gcc/avr/4.6.2/../../../../avr/lib/avr5\libc.a(memcpy.o)
 *(.data*)
 *(.rodata)
 *(.rodata*)
 *(.gnu.linkonce.d*)
                0x00800080                . = ALIGN (0x2)
                0x00800080                _edata = .
                0x00800080                PROVIDE (__data_end, .)

.bss            0x00800080      0x3bc
                0x00800080                PROVIDE (__bss_start, .)
 *(.bss)
 .bss           0x00800080        0x0 c:/program files (x86)/atmel/atmel studio 6.0/extensions/atmel/avrgcc/3.4.1.95/avrtoolchain/bin/../lib/gcc/avr/4.6.2/../../../../avr/lib/avr5/crtm32.o
 .bss           0x00800080        0x0 ADC.o
 .bss           0x00800080        0x0 eeprom.o
 .bss           0x00800080        0x0 event_groups.o
 .bss           0x00800080      0x329 heap_2.o
 .bss           0x008003a9        0x0 keypad.o
 .bss           0x008003a9        0x0 LCD_DIO.o
 .bss           0x008003a9        0x0 list.o
 .bss           0x008003a9        0x0 port.o
 .bss           0x008003a9        0x0 queue.o
 .bss           0x008003a9        0x2 Rtos.o
                0x008003a9                task1handel
 .bss           0x008003ab        0x0 SPI.o
 .bss           0x008003ab       0x6f tasks.o
                0x008003ab                pxCurrentTCB
 .bss           0x0080041a        0x0 Timer.o
 .bss           0x0080041a        0x0 c:/program files (x86)/atmel/atmel studio 6.0/extensions/atmel/avrgcc/3.4.1.95/avrtoolchain/bin/../lib/gcc/avr/4.6.2/avr5\libgcc.a(_exit.o)
 .bss           0x0080041a        0x0 c:/program files (x86)/atmel/atmel studio 6.0/extensions/atmel/avrgcc/3.4.1.95/avrtoolchain/bin/../lib/gcc/avr/4.6.2/avr5\libgcc.a(_copy_data.o)
 .bss           0x0080041a        0x0 c:/program files (x86)/atmel/atmel studio 6.0/extensions/atmel/avrgcc/3.4.1.95/avrtoolchain/bin/../lib/gcc/avr/4.6.2/avr5\libgcc.a(_clear_bss.o)
 .bss           0x0080041a        0x0 c:/program files (x86)/atmel/atmel studio 6.0/extensions/atmel/avrgcc/3.4.1.95/avrtoolchain/bin/../lib/gcc/avr/4.6.2/../../../../avr/lib/avr5\libc.a(memcpy.o)
 *(.bss*)
 *(COMMON)
 COMMON         0x0080041a       0x20 queue.o
                0x0080041a                xQueueRegistry
 COMMON         0x0080043a        0x2 Rtos.o
                0x0080043a                xx
                0x0080043c                PROVIDE (__bss_end, .)
                0x00002b74                __data_load_start = LOADADDR (.data)
                0x00002b94                __data_load_end = (__data_load_start + SIZEOF (.data))

.noinit         0x0080043c        0x0
                0x0080043c                PROVIDE (__noinit_start, .)
 *(.noinit*)
                0x0080043c                PROVIDE (__noinit_end, .)
                0x0080043c                _end = .
                0x0080043c                PROVIDE (__heap_start, .)

.eeprom         0x00810000        0x0
 *(.eeprom*)
                0x00810000                __eeprom_end = .

.fuse
 *(.fuse)
 *(.lfuse)
 *(.hfuse)
 *(.efuse)

.lock
 *(.lock*)

.signature
 *(.signature*)

.stab           0x00000000      0x750
 *(.stab)
 .stab          0x00000000      0x6cc c:/program files (x86)/atmel/atmel studio 6.0/extensions/atmel/avrgcc/3.4.1.95/avrtoolchain/bin/../lib/gcc/avr/4.6.2/../../../../avr/lib/avr5/crtm32.o
 .stab          0x000006cc       0x84 c:/program files (x86)/atmel/atmel studio 6.0/extensions/atmel/avrgcc/3.4.1.95/avrtoolchain/bin/../lib/gcc/avr/4.6.2/../../../../avr/lib/avr5\libc.a(memcpy.o)
                                 0x90 (size before relaxing)

.stabstr        0x00000000       0xe7
 *(.stabstr)
 .stabstr       0x00000000       0xe7 c:/program files (x86)/atmel/atmel studio 6.0/extensions/atmel/avrgcc/3.4.1.95/avrtoolchain/bin/../lib/gcc/avr/4.6.2/../../../../avr/lib/avr5/crtm32.o

.stab.excl
 *(.stab.excl)

.stab.exclstr
 *(.stab.exclstr)

.stab.index
 *(.stab.index)

.stab.indexstr
 *(.stab.indexstr)

.comment
 *(.comment)

.debug
 *(.debug)

.line
 *(.line)

.debug_srcinfo
 *(.debug_srcinfo)

.debug_sfnames
 *(.debug_sfnames)

.debug_aranges  0x00000000      0x200
 *(.debug_aranges)
 .debug_aranges
                0x00000000       0x20 ADC.o
 .debug_aranges
                0x00000020       0x20 eeprom.o
 .debug_aranges
                0x00000040       0x20 event_groups.o
 .debug_aranges
                0x00000060       0x20 heap_2.o
 .debug_aranges
                0x00000080       0x20 keypad.o
 .debug_aranges
                0x000000a0       0x20 LCD_DIO.o
 .debug_aranges
                0x000000c0       0x20 list.o
 .debug_aranges
                0x000000e0       0x20 port.o
 .debug_aranges
                0x00000100       0x20 queue.o
 .debug_aranges
                0x00000120       0x20 Rtos.o
 .debug_aranges
                0x00000140       0x20 SPI.o
 .debug_aranges
                0x00000160       0x20 tasks.o
 .debug_aranges
                0x00000180       0x20 Timer.o
 .debug_aranges
                0x000001a0       0x20 c:/program files (x86)/atmel/atmel studio 6.0/extensions/atmel/avrgcc/3.4.1.95/avrtoolchain/bin/../lib/gcc/avr/4.6.2/avr5\libgcc.a(_exit.o)
 .debug_aranges
                0x000001c0       0x20 c:/program files (x86)/atmel/atmel studio 6.0/extensions/atmel/avrgcc/3.4.1.95/avrtoolchain/bin/../lib/gcc/avr/4.6.2/avr5\libgcc.a(_copy_data.o)
 .debug_aranges
                0x000001e0       0x20 c:/program files (x86)/atmel/atmel studio 6.0/extensions/atmel/avrgcc/3.4.1.95/avrtoolchain/bin/../lib/gcc/avr/4.6.2/avr5\libgcc.a(_clear_bss.o)

.debug_pubnames
 *(.debug_pubnames)

.debug_info     0x00000000     0x3a9c
 *(.debug_info)
 .debug_info    0x00000000       0xf3 ADC.o
 .debug_info    0x000000f3       0xd6 eeprom.o
 .debug_info    0x000001c9      0x661 event_groups.o
 .debug_info    0x0000082a      0x2db heap_2.o
 .debug_info    0x00000b05      0x127 keypad.o
 .debug_info    0x00000c2c      0x309 LCD_DIO.o
 .debug_info    0x00000f35      0x2b5 list.o
 .debug_info    0x000011ea      0x203 port.o
 .debug_info    0x000013ed      0xd27 queue.o
 .debug_info    0x00002114      0x16c Rtos.o
 .debug_info    0x00002280       0xda SPI.o
 .debug_info    0x0000235a     0x142e tasks.o
 .debug_info    0x00003788       0x7d Timer.o
 .debug_info    0x00003805       0xdd c:/program files (x86)/atmel/atmel studio 6.0/extensions/atmel/avrgcc/3.4.1.95/avrtoolchain/bin/../lib/gcc/avr/4.6.2/avr5\libgcc.a(_exit.o)
 .debug_info    0x000038e2       0xdd c:/program files (x86)/atmel/atmel studio 6.0/extensions/atmel/avrgcc/3.4.1.95/avrtoolchain/bin/../lib/gcc/avr/4.6.2/avr5\libgcc.a(_copy_data.o)
 .debug_info    0x000039bf       0xdd c:/program files (x86)/atmel/atmel studio 6.0/extensions/atmel/avrgcc/3.4.1.95/avrtoolchain/bin/../lib/gcc/avr/4.6.2/avr5\libgcc.a(_clear_bss.o)
 *(.gnu.linkonce.wi.*)

.debug_abbrev   0x00000000      0xf78
 *(.debug_abbrev)
 .debug_abbrev  0x00000000       0x94 ADC.o
 .debug_abbrev  0x00000094       0x83 eeprom.o
 .debug_abbrev  0x00000117      0x183 event_groups.o
 .debug_abbrev  0x0000029a      0x182 heap_2.o
 .debug_abbrev  0x0000041c       0xae keypad.o
 .debug_abbrev  0x000004ca      0x17c LCD_DIO.o
 .debug_abbrev  0x00000646       0xed list.o
 .debug_abbrev  0x00000733      0x113 port.o
 .debug_abbrev  0x00000846      0x277 queue.o
 .debug_abbrev  0x00000abd       0xfe Rtos.o
 .debug_abbrev  0x00000bbb       0x89 SPI.o
 .debug_abbrev  0x00000c44      0x2ae tasks.o
 .debug_abbrev  0x00000ef2       0x4a Timer.o
 .debug_abbrev  0x00000f3c       0x14 c:/program files (x86)/atmel/atmel studio 6.0/extensions/atmel/avrgcc/3.4.1.95/avrtoolchain/bin/../lib/gcc/avr/4.6.2/avr5\libgcc.a(_exit.o)
 .debug_abbrev  0x00000f50       0x14 c:/program files (x86)/atmel/atmel studio 6.0/extensions/atmel/avrgcc/3.4.1.95/avrtoolchain/bin/../lib/gcc/avr/4.6.2/avr5\libgcc.a(_copy_data.o)
 .debug_abbrev  0x00000f64       0x14 c:/program files (x86)/atmel/atmel studio 6.0/extensions/atmel/avrgcc/3.4.1.95/avrtoolchain/bin/../lib/gcc/avr/4.6.2/avr5\libgcc.a(_clear_bss.o)

.debug_line     0x00000000     0x1935
 *(.debug_line)
 .debug_line    0x00000000       0xf3 ADC.o
 .debug_line    0x000000f3       0xe7 eeprom.o
 .debug_line    0x000001da      0x1c7 event_groups.o
 .debug_line    0x000003a1      0x1d0 heap_2.o
 .debug_line    0x00000571       0xfb keypad.o
 .debug_line    0x0000066c      0x21d LCD_DIO.o
 .debug_line    0x00000889      0x11f list.o
 .debug_line    0x000009a8      0x14b port.o
 .debug_line    0x00000af3      0x389 queue.o
 .debug_line    0x00000e7c      0x111 Rtos.o
 .debug_line    0x00000f8d       0xf0 SPI.o
 .debug_line    0x0000107d      0x637 tasks.o
 .debug_line    0x000016b4       0xda Timer.o
 .debug_line    0x0000178e       0x88 c:/program files (x86)/atmel/atmel studio 6.0/extensions/atmel/avrgcc/3.4.1.95/avrtoolchain/bin/../lib/gcc/avr/4.6.2/avr5\libgcc.a(_exit.o)
 .debug_line    0x00001816       0x91 c:/program files (x86)/atmel/atmel studio 6.0/extensions/atmel/avrgcc/3.4.1.95/avrtoolchain/bin/../lib/gcc/avr/4.6.2/avr5\libgcc.a(_copy_data.o)
 .debug_line    0x000018a7       0x8e c:/program files (x86)/atmel/atmel studio 6.0/extensions/atmel/avrgcc/3.4.1.95/avrtoolchain/bin/../lib/gcc/avr/4.6.2/avr5\libgcc.a(_clear_bss.o)

.debug_frame    0x00000000      0xd58
 *(.debug_frame)
 .debug_frame   0x00000000       0x54 ADC.o
 .debug_frame   0x00000054       0x34 eeprom.o
 .debug_frame   0x00000088      0x168 event_groups.o
 .debug_frame   0x000001f0       0x7c heap_2.o
 .debug_frame   0x0000026c       0x6c keypad.o
 .debug_frame   0x000002d8       0xf4 LCD_DIO.o
 .debug_frame   0x000003cc       0x88 list.o
 .debug_frame   0x00000454       0x74 port.o
 .debug_frame   0x000004c8      0x2bc queue.o
 .debug_frame   0x00000784       0x34 Rtos.o
 .debug_frame   0x000007b8       0x54 SPI.o
 .debug_frame   0x0000080c      0x528 tasks.o
 .debug_frame   0x00000d34       0x24 Timer.o

.debug_str      0x00000000     0x16a6
 *(.debug_str)
 .debug_str     0x00000000       0xd4 ADC.o
                                0x108 (size before relaxing)
 .debug_str     0x000000d4       0x3e eeprom.o
                                 0xf9 (size before relaxing)
 .debug_str     0x00000112      0x334 event_groups.o
                                0x431 (size before relaxing)
 .debug_str     0x00000446      0x154 heap_2.o
                                0x22c (size before relaxing)
 .debug_str     0x0000059a       0x2e keypad.o
                                 0xe9 (size before relaxing)
 .debug_str     0x000005c8      0x110 LCD_DIO.o
                                0x1ea (size before relaxing)
 .debug_str     0x000006d8       0x8e list.o
                                0x202 (size before relaxing)
 .debug_str     0x00000766       0xf2 port.o
                                0x1d5 (size before relaxing)
 .debug_str     0x00000858      0x456 queue.o
                                0x62d (size before relaxing)
 .debug_str     0x00000cae       0x95 Rtos.o
                                0x131 (size before relaxing)
 .debug_str     0x00000d43       0x2d SPI.o
                                0x10c (size before relaxing)
 .debug_str     0x00000d70      0x91e tasks.o
                                0xba5 (size before relaxing)
 .debug_str     0x0000168e       0x18 Timer.o
                                 0xce (size before relaxing)

.debug_loc      0x00000000     0x4075
 *(.debug_loc)
 .debug_loc     0x00000000       0x22 ADC.o
 .debug_loc     0x00000022       0x30 eeprom.o
 .debug_loc     0x00000052      0xaaa event_groups.o
 .debug_loc     0x00000afc      0x2ca heap_2.o
 .debug_loc     0x00000dc6      0x166 keypad.o
 .debug_loc     0x00000f2c      0x157 LCD_DIO.o
 .debug_loc     0x00001083      0x149 list.o
 .debug_loc     0x000011cc      0x28e port.o
 .debug_loc     0x0000145a     0x10c9 queue.o
 .debug_loc     0x00002523       0x57 Rtos.o
 .debug_loc     0x0000257a     0x1afb tasks.o

.debug_macinfo
 *(.debug_macinfo)
OUTPUT(Rtos.elf elf32-avr)
LOAD linker stubs

.debug_ranges   0x00000000      0x150
 .debug_ranges  0x00000000       0x20 keypad.o
 .debug_ranges  0x00000020       0x78 queue.o
 .debug_ranges  0x00000098       0xb8 tasks.o
